MAX HEAP
peek: 1811583455
rootlist: NULL NULL NULL NULL 1811583455*
debug:
{{1811583455}}
{{1164411230,1202712220,1773387656,1763752681}}
{{1117636444}}{{523923626,958635696}}{{1114538545,1260142034,1294455219}}
{{792497776}}{{219303895}}{{502765968,1075279869}}
{{7683121}}
size is 16
extracting a bunch of values...
peek: 1811583455
rootlist: NULL NULL NULL NULL 1811583455*
debug:
{{1811583455}}
{{1164411230,1202712220,1773387656,1763752681}}
{{1117636444}}{{523923626,958635696}}{{1114538545,1260142034,1294455219}}
{{792497776}}{{219303895}}{{502765968,1075279869}}
{{7683121}}
size is 16
