MAX HEAP
rootlist: NULL 955711860 NULL 2077695401 NULL NULL NULL 2125339533*
debug:
{{955711860,2077695401,2125339533}}
{{223230329}}{{1491164494,1805229805,836594057}}{{729555314,1392534356,1178022458,2019158785,1900438228,2111741391,2056566628}}
{{1267111491}}{{756520075,474606170}}{{634963444}}{{395677949,773379906}}{{10795668,1095448138,1414354575}}{{626846616,691560852,1635116164,1481396859}}{{560577084,1222557089,1953888793,2037648039,2075029445}}{{1430092976,1539928585,983038292,1975820019,1931882410,1923430644}}
{{82146165}}{{53745108}}{{69351699}}{{566228929,260794249}}{{356061993}}{{209664014,1128904162}}{{1170940651,1021481623,1416151944}}{{174352423}}{{588164606,1875970754}}{{1254251395,1061105043,1827984025}}{{1645984264,1289922270,1301649539,1715298645}}{{1288105939}}{{343714371,841490150}}{{647895295,1870452384,738446778}}{{1664258090,906872320,1859428207,1871744930}}{{1025500107,775799346,1728242879,1241101344,1903696951}}
{{229795001}}{{660233772}}{{571000604}}{{1287806147,689730423}}{{1632105647}}{{932407169}}{{784540881,272173397}}{{92980029}}{{39234920,905971589}}{{246566305,1485503643,1660920881}}{{394873686}}{{711525398}}{{283545820,675783142}}{{374335820}}{{999852349,1784393231}}{{262436008,867637400,1557957794}}{{565484172}}{{737444666,412708929}}{{1048709730,1016558324,886607191}}{{1163282059,1811177354,1559982580,1817691911}}
{{235770637}}{{125347232}}{{111899812}}{{561405561}}{{822199810,1457163254}}{{2688794}}{{1162758706}}{{630232871}}{{128392081,735757984}}{{129889603}}{{674373910}}{{411937902,610868473}}{{99293500}}{{1263738856,868865170}}{{1486602041,325685246,1734722116}}
{{134043926}}{{210824049}}{{148920924}}{{321791909}}{{225725584}}{{1534146090,1732033322}}
{{810818899}}
size is 138
