MAX HEAP
peek: 2147134798
size is 1083
extracting a bunch of values...
extraction #1053: 65432766
extraction #1054: 64479968
extraction #1055: 63159165
extraction #1058: 59852895
extraction #1059: 58604660
extraction #1060: 57623409
extraction #1061: 53817707
extraction #1063: 53757785
extraction #1066: 49993408
extraction #1070: 49450840
peek: 49112655
rootlist: NULL NULL 46128403 NULL 49112655*
debug:
{{46128403,49112655}}
{{2144365,38661284}}{{29248724,43216924,27500968,47240370}}
{{37650919}}{{37082536}}{{11449542,19152977}}{{36331733,45301040,22631177}}
{{10209564}}{{32119592}}{{16514440,21571701}}
{{17851651}}
size is 20
