MAX HEAP
rootlist: NULL 1898723730 2093080196* 1706169824
debug:
{{1898723730,2093080196,1706169824}}
{{965142386}}{{1118422829,1478934695}}{{1522125911,786378777,1593391898}}
{{1033264099}}{{724915561}}{{1466809380,1454005884}}
{{941107993}}
size is 14
