MAX HEAP
peek: 2143872424
rootlist: 96475375 1702058172 2143872424* 1727142506
debug:
{{96475375,1702058172,2143872424,1727142506}}
{{14634574}}{{154186739,2123168895}}{{1021728746,1458131818,1340667684}}
{{402658833}}{{874987725}}{{335763045,409036458}}
{{307789693}}
size is 15
extracting a bunch of values...
peek: 2143872424
rootlist: 96475375 1702058172 2143872424* 1727142506
debug:
{{96475375,1702058172,2143872424,1727142506}}
{{14634574}}{{154186739,2123168895}}{{1021728746,1458131818,1340667684}}
{{402658833}}{{874987725}}{{335763045,409036458}}
{{307789693}}
size is 15
