0: 7
1: 1(7)1 8(7)193
2: 0(1)138 4(8)107 5(8)231
3: 2(4)18 9(4)63
4: 3(2)31 6(2)58
weight: 840
