0: 420
1: 86(420)0 406(420)0
2: 59(406)0 697(406)0 727(86)0 876(406)0
3: 249(876)1 272(727)0 412(59)0 676(697)0 708(697)0 982(697)1
4: 33(708)1 564(272)0 936(708)1 961(676)1
5: 558(564)1 772(33)0 783(33)0 828(33)0
6: 99(783)0 279(828)0 430(828)1 611(772)2 645(783)0 843(828)0
7: 27(99)1 42(843)1 205(279)0 341(279)0 565(843)1 594(430)0 595(430)1 747(843)0 792(843)1 844(645)0 853(99)0 867(843)0 912(843)0 948(843)0
8: 100(948)1 188(42)0 222(912)0 257(341)0 286(27)0 291(867)0 380(205)0 443(341)1 448(747)0 523(747)0 525(912)0 563(853)2 574(912)0 613(341)1 632(948)0 699(867)0 746(27)3 753(948)0 827(853)0 897(853)0 927(853)0 947(565)0 995(844)0
9: 5(380)0 302(523)1 327(523)0 334(257)1 337(753)0 375(632)0 405(827)1 454(257)0 463(574)0 531(699)0 644(188)0 716(380)0 780(448)0 800(947)0 859(286)1 865(525)1 890(897)0 914(257)1 918(286)1 924(523)4 946(257)0 1005(448)3 1014(897)0 1018(291)0
10: 11(463)0 51(463)1 71(716)0 79(865)0 116(1014)0 179(716)1 183(375)0 206(463)0 218(5)0 271(716)0 305(1014)0 354(5)1 360(463)0 387(946)0 429(302)0 488(865)1 553(1018)0 592(946)1 620(5)0 678(644)0 714(946)0 721(1014)0 776(375)2 808(463)1 838(644)0 848(5)0 899(914)1 909(800)1
11: 35(387)2 67(838)0 83(721)0 87(271)1 92(387)1 98(218)0 122(206)0 153(838)1 155(271)0 161(183)0 219(387)0 240(71)0 252(218)1 276(305)0 281(360)0 289(721)1 328(218)2 366(206)1 449(79)0 451(51)0 494(11)0 548(179)1 557(553)0 597(678)1 670(179)0 694(714)0 754(71)2 818(218)0 829(360)0 869(271)0 895(848)1 921(553)0 931(360)0 974(909)0 988(206)0
12: 28(122)0 31(557)0 68(153)3 95(869)1 107(161)1 160(974)0 210(818)1 234(98)1 239(494)0 262(988)1 264(83)0 355(92)0 407(122)0 419(281)0 426(494)0 436(87)1 437(557)0 440(67)0 489(974)0 499(829)0 515(451)1 528(35)0 533(694)0 544(83)2 681(87)1 757(597)0 762(276)0 850(818)2 870(155)0 886(155)0 940(83)0 942(451)0 967(494)0
13: 45(264)0 48(499)0 70(499)1 102(886)0 108(407)1 115(942)0 117(437)1 156(355)1 193(210)1 238(942)2 243(28)0 247(262)1 270(28)0 301(107)0 336(239)0 384(437)1 416(264)0 425(234)1 447(533)4 466(407)0 510(210)0 530(407)1 540(28)0 621(426)0 643(437)0 646(499)0 673(967)2 728(870)1 736(426)1 809(499)0 866(940)0 871(967)1 971(31)0 977(426)0 984(757)2 986(419)0
14: 23(984)2 24(986)0 32(156)0 136(416)2 144(466)0 148(270)0 203(621)0 216(102)0 237(977)1 246(115)0 254(425)0 298(809)5 333(384)1 362(238)0 399(466)0 410(621)0 431(243)2 477(530)0 495(301)1 506(48)0 573(416)0 576(336)0 610(466)1 662(646)5 684(270)0 686(646)1 706(866)2 734(115)0 742(243)0 766(243)0 770(108)1 798(193)0 811(447)2 824(48)0 855(809)0 860(971)0 929(621)0 962(986)1 993(247)0 999(866)1 1000(530)0 1003(510)1 1013(117)1
15: 0(573)1 19(824)0 38(24)0 53(766)0 66(576)0 76(573)2 80(573)1 91(399)0 97(576)2 140(824)0 150(148)0 185(216)0 198(734)0 211(148)1 217(246)1 242(684)1 244(254)0 245(399)1 274(766)0 306(254)1 311(824)1 312(993)1 348(824)2 356(929)0 376(860)1 377(216)1 381(684)1 395(824)0 422(855)0 438(216)0 455(254)0 507(216)1 635(237)1 666(203)0 675(136)0 696(246)0 726(684)0 795(506)1 810(237)0 884(798)0 898(32)0 901(410)0 975(399)0 1007(216)1 1017(148)0 1020(742)1
16: 12(80)1 134(884)2 139(1020)2 182(422)0 208(38)2 225(217)0 248(185)0 266(150)0 273(66)0 278(726)0 284(66)0 299(975)0 317(274)2 326(242)0 340(80)0 344(696)0 368(91)1 374(795)0 388(97)0 398(185)0 409(53)0 421(975)1 487(884)0 493(312)1 500(185)0 504(91)0 521(0)0 529(140)0 550(97)1 552(666)0 583(91)0 607(274)0 636(356)1 638(242)0 738(975)1 784(356)0 804(140)2 812(455)1 817(901)0 845(696)1 862(274)1 881(245)0 919(975)0 970(376)0 1022(507)0
17: 14(817)3 21(504)1 37(278)0 52(409)0 62(881)1 103(738)1 135(487)3 145(504)1 151(340)1 154(278)2 157(421)1 170(182)0 181(500)0 186(487)1 190(248)0 191(583)0 253(812)0 275(248)1 304(529)0 308(12)0 358(368)1 367(12)1 386(529)0 401(881)0 482(266)1 501(919)1 556(504)0 559(273)1 630(738)1 654(368)0 665(738)1 682(970)0 688(784)3 755(817)0 775(248)0 793(299)1 814(225)0 821(738)0 839(374)0 863(409)2 878(817)0 933(607)0 949(529)0 954(521)0 958(266)0 966(583)0 998(266)0 1004(278)0 1021(970)1
18: 13(878)0 111(654)0 124(755)0 126(814)0 129(52)0 130(308)0 187(186)1 199(37)0 214(181)0 224(755)0 268(191)0 371(62)1 439(755)0 452(304)1 479(37)0 520(157)0 549(21)0 561(1004)0 598(304)0 617(308)0 652(556)1 653(755)0 680(191)0 702(630)1 723(62)1 745(103)0 759(559)0 782(559)1 801(151)1 816(954)0 832(482)0 868(1004)1 885(814)0 908(253)0 913(949)0 915(755)1 951(998)1 969(954)1 979(181)3 1008(682)0
19: 43(13)1 57(653)0 172(130)0 189(549)0 194(561)0 196(13)0 226(885)0 229(653)0 267(520)0 290(439)0 292(885)0 353(224)0 400(129)0 413(130)0 474(268)0 486(653)0 532(439)1 743(13)0 761(653)1 779(598)0 789(782)0 826(130)0 889(598)0 957(969)0 983(801)0
20: 26(189)0 88(826)0 89(290)0 209(474)0 213(474)0 256(43)1 260(196)1 315(226)1 322(43)0 330(229)1 331(172)1 332(400)0 335(229)3 350(779)3 351(743)2 433(353)0 460(743)0 467(400)0 473(290)0 484(826)0 508(226)1 575(486)0 602(229)1 622(229)0 624(43)0 626(743)1 633(474)0 690(229)0 767(226)0 785(743)0 830(400)0 836(267)0 873(292)0 907(889)1 937(196)2 939(292)0 1002(400)0
21: 20(460)0 34(785)1 40(473)0 55(332)1 60(460)0 118(624)0 149(256)0 168(26)1 175(330)0 235(508)1 241(473)0 258(332)0 323(260)0 373(1002)0 445(88)0 453(256)0 456(460)0 464(830)0 469(322)0 478(467)0 536(322)0 562(332)1 582(575)1 606(836)0 657(433)1 674(209)1 692(433)1 698(315)0 700(939)0 731(209)1 740(633)1 744(785)1 760(331)0 774(332)0 813(473)1 819(256)0 837(939)0 906(830)1 910(624)0 928(332)3 996(690)0 1023(89)1
22: 9(774)0 22(698)0 58(40)1 101(582)2 131(118)0 165(241)0 166(258)0 173(55)0 201(996)0 223(674)0 280(258)1 287(118)0 293(478)0 294(478)1 303(34)0 365(40)0 470(837)0 471(698)1 491(258)0 511(464)0 543(582)1 554(55)1 612(373)0 614(40)0 618(760)0 669(562)1 687(34)0 693(323)3 712(837)0 715(478)0 737(60)0 756(149)0 768(168)1 835(60)1 852(445)1 857(469)0 887(118)0 894(464)0 941(175)0 950(373)0 955(996)1 976(744)0
23: 49(491)1 65(612)0 78(950)2 96(511)0 113(950)0 121(293)1 143(894)0 152(887)0 176(852)0 180(857)0 197(887)0 277(365)0 329(9)0 342(9)1 370(293)1 390(715)1 408(491)1 450(165)0 519(201)0 535(756)1 578(166)0 593(768)1 596(365)0 601(365)0 604(223)2 649(737)1 659(887)0 663(303)0 683(887)0 685(669)0 709(365)0 719(511)0 724(894)0 729(614)0 730(887)1 748(887)1 773(712)0 820(768)0 874(365)0 893(365)0 900(491)1 934(737)0 935(165)0 978(835)1 1015(470)0 1019(58)0
24: 2(719)0 10(152)1 29(649)0 56(176)1 64(180)2 72(180)0 81(277)0 94(874)0 112(519)1 137(773)0 167(519)0 230(519)0 261(893)0 313(329)1 369(152)0 404(370)1 414(685)0 423(49)1 432(601)0 505(709)0 509(519)0 517(390)0 527(277)1 546(450)1 566(724)0 569(663)1 637(935)0 661(1019)0 679(724)1 695(604)0 705(820)0 707(709)0 713(663)1 720(329)0 856(96)0 904(370)1 965(329)0 989(893)0 1006(176)0
25: 25(566)2 63(2)0 77(2)0 119(566)0 159(72)0 169(505)1 231(1006)1 259(167)1 314(261)0 352(261)0 359(94)2 417(81)0 568(856)0 615(261)0 619(965)0 655(313)0 656(856)1 667(404)0 668(404)0 672(965)0 763(261)0 790(369)0 805(527)0 823(965)0 833(261)3 840(856)0 864(637)0 880(569)0 882(404)0 943(94)0 997(566)1 1011(856)1
26: 162(568)1 228(77)0 265(805)1 269(417)0 288(231)0 297(169)1 320(352)0 361(352)0 363(840)1 396(119)0 496(119)0 512(656)0 513(790)4 522(119)1 539(314)1 560(672)1 590(352)0 599(359)0 627(314)0 634(667)1 660(943)0 722(943)0 741(417)0 769(880)0 794(615)0 806(823)0 846(668)1 923(667)1 991(615)0
27: 61(660)0 105(660)2 110(794)1 114(363)1 120(660)0 125(806)0 138(769)0 142(590)1 163(627)0 192(722)0 236(660)0 250(991)0 300(590)1 382(846)1 389(722)0 424(722)0 427(539)1 444(741)0 524(634)0 526(806)0 572(265)2 577(496)0 581(162)0 603(806)1 616(741)0 718(741)0 750(599)1 990(512)0 992(265)0
28: 7(114)1 8(427)3 75(526)0 104(718)0 128(718)0 212(616)0 227(236)1 232(163)0 283(424)1 296(581)0 316(300)0 349(163)0 393(444)1 397(718)0 403(236)0 497(125)0 664(125)0 749(389)1 771(125)0 788(163)1 815(389)1 851(577)1 875(138)0 891(120)0 930(526)0 956(424)0 964(526)1
29: 30(104)1 47(349)0 127(851)0 158(316)3 307(891)0 345(749)1 346(891)1 347(956)2 379(664)1 392(397)0 434(316)1 475(75)2 476(283)0 534(212)0 571(232)1 629(771)0 631(75)0 648(296)0 778(664)2 787(930)0 807(212)1 872(7)0 932(875)0 959(891)0 968(964)0
30: 184(47)1 318(787)0 480(30)0 483(631)0 584(476)0 586(30)2 689(345)0 691(476)0 704(534)0 786(345)0
31: 147(184)1 282(480)0 309(584)2 378(483)0 391(689)1 394(483)1 435(704)0 514(786)1 551(691)1 650(318)0 671(704)0 735(480)1 751(480)0 802(689)0
32: 46(671)0 54(147)0 69(650)1 195(378)0 207(751)0 415(650)0 677(147)0 725(735)1 841(282)0 858(650)3 896(391)0 963(650)0 1009(378)0 1010(435)1
33: 90(69)0 109(195)0 446(1009)1 462(677)0 518(841)1 545(963)0 570(415)0 589(896)0 732(207)2 765(69)0 796(54)0
34: 17(570)0 164(90)0 385(545)0 465(796)0 498(570)1 987(765)0
35: 4(164)1 106(987)1 319(465)0 324(498)0 579(465)0 628(17)0 905(17)1
36: 310(579)1 457(319)0 485(905)0 490(628)0 503(106)0 538(319)0 580(628)1 717(106)0 752(106)1 861(628)0 917(628)1 925(324)0 994(579)0 1001(324)0
37: 74(490)0 339(490)0 600(994)1 625(310)0 640(580)1 791(490)1 922(917)0 952(538)0
38: 295(600)1 364(339)0 825(74)1 902(952)0 911(339)0 916(339)0 953(952)1 1012(640)0
39: 251(911)1 255(911)0 338(825)1 458(364)0 877(825)0 879(825)1 903(825)2 938(911)0
40: 85(458)0 263(938)0 285(877)0 418(255)0 428(879)1 481(903)2 567(458)1 658(938)1 849(458)0 892(458)0 960(938)1 1016(458)0
41: 50(418)1 84(892)0 220(418)0 537(481)0 587(849)0 733(263)0 758(1016)3 777(892)0 799(418)0
42: 1(733)0 372(220)0 442(84)0 547(220)0 639(777)2 711(220)0 803(220)0 945(50)0 981(50)0
43: 3(639)1 123(1)0 178(803)1 343(711)0 492(442)0 542(372)0 555(442)0 588(442)0 609(981)0 797(711)0 883(711)1
44: 16(883)1 39(492)2 44(178)1 141(343)0 177(123)1 215(588)0 591(588)0 608(609)1 888(542)0 920(178)0
45: 146(888)3 468(888)0 502(141)0 516(888)0 585(920)0 605(591)0 854(215)0 944(44)2 972(591)0
46: 36(854)1 174(502)0 202(605)0 325(468)1 357(502)2 647(972)1 701(502)1 842(502)1
47: 441(842)0 472(36)0 541(647)1 641(647)1 642(202)1 651(202)1 822(174)0 980(202)1
48: 6(541)1 132(472)0 321(642)1 623(822)1 781(472)1 847(651)0 926(822)0
49: 221(321)1 459(132)0 461(132)0 739(926)0 834(132)2
50: 93(459)2 200(461)0 204(739)1
51: 18(200)0 133(200)1 171(93)0 233(204)0 383(200)1 703(200)0
52: 15(171)1 82(18)0 710(233)1
53: 41(82)0 402(82)1 764(710)0 831(82)0 973(710)1
54: 73(402)1 411(831)1 985(402)0
weight: 466
