0: 6
1: 4(6)246 5(6)154
2: 3(4)24
3: 7(3)421
4: 0(7)130
5: 2(0)15
6: 1(2)84
weight: 1074
