0: 6
1: 7(6)100 11(6)59
2: 0(7)120 1(11)3 8(11)148
3: 5(1)49 13(1)15 14(0)8
4: 2(5)64 12(13)344 15(5)147
5: 3(2)29 10(12)110
6: 4(3)72
weight: 1268
