0: 47
1: 62(47)25
2: 40(62)47
3: 48(40)33
4: 22(48)18 31(48)26 53(48)45
5: 24(31)28 25(22)17 37(22)27 42(22)7
6: 3(24)6 7(42)15 13(42)9 27(42)10 29(25)10
7: 2(13)53 6(13)5 14(13)38 23(27)39 50(7)16 57(13)9 59(27)1
8: 8(23)11 11(50)29 30(59)50 32(6)90 36(50)38 38(59)30 39(59)8 44(23)24 49(57)0 52(23)63 56(6)34 60(50)13
9: 1(44)66 4(36)29 5(36)6 17(56)14 20(44)74 26(60)26 28(36)8 33(56)25 54(39)88 55(11)21
10: 0(5)46 9(33)53 21(33)5 34(28)12 35(54)44 41(28)25 45(33)8
11: 10(9)47 16(0)14 18(45)38 19(34)8 43(21)59 58(45)47 63(34)86
12: 12(18)11 15(58)67 46(10)46 61(19)32
13: 51(61)39
weight: 1918
