0: 10
1: 16(10)10
2: 1(16)44 20(16)80 29(16)130
3: 2(1)57 12(1)64
4: 9(12)94 14(2)44 19(12)32 25(12)68 28(12)7
5: 0(28)44 21(19)63 30(25)9
6: 5(21)60 23(30)56
7: 6(23)14 22(23)77 27(5)20
8: 4(6)74 7(6)39 13(6)90 15(6)16
9: 8(15)7 17(7)17 18(7)4
10: 11(18)105 26(8)129 31(17)42
11: 3(31)114 24(11)126
weight: 1736
