0: 300
1: 250(300)8 264(300)4 286(300)0
2: 55(250)9 57(286)2 64(286)0 142(286)0 315(286)7
3: 31(57)2 193(64)0 243(64)16
4: 369(31)4 371(31)0 508(193)7
5: 85(371)0 167(371)1 200(508)3 244(371)4 477(371)0
6: 5(85)2 39(85)0 43(477)1 113(85)2 203(244)1 212(167)0 295(244)4 299(244)9 323(477)3 325(200)7 433(167)2
7: 141(113)1 143(203)0 145(323)6 149(212)4 187(212)5 197(323)0 210(212)3 246(295)4 321(433)5 374(203)1 455(5)1 483(433)5 490(323)5
8: 0(321)0 6(321)6 36(210)5 133(143)0 175(143)5 191(145)3 204(149)4 224(210)3 232(210)5 275(197)4 284(455)0 313(455)1 338(143)12 361(210)2 403(246)2 407(187)7 422(374)12 450(210)14 453(210)2 456(141)3 460(187)2
9: 11(284)3 32(36)6 34(361)7 68(403)7 81(313)9 84(338)1 107(460)7 117(224)1 130(460)7 136(284)1 160(361)1 165(456)3 201(313)3 206(275)1 215(191)0 237(456)4 239(133)0 240(361)13 276(275)2 282(456)4 294(224)10 312(275)2 351(453)0 381(36)8 394(0)2 397(175)0 406(460)5 426(313)0 495(450)13 507(275)1
10: 17(406)2 26(312)7 33(237)0 38(206)4 40(160)2 47(34)20 65(206)4 67(136)11 77(239)4 78(282)10 79(34)2 88(160)5 91(351)3 208(206)4 285(201)6 296(426)3 310(206)3 332(160)3 334(165)6 341(239)0 366(165)14 423(237)5 438(136)2 457(237)3 510(239)3
11: 19(91)0 41(65)3 46(38)5 70(91)0 116(77)0 132(332)1 222(17)1 247(79)6 277(334)2 281(26)3 292(91)9 301(91)3 329(510)2 343(33)1 344(91)0 358(33)5 360(296)1 362(510)2 377(17)0 401(332)4 411(457)5 415(77)1 425(438)10 464(88)0 465(40)2 469(296)2 497(510)2 499(296)1 502(310)2 506(457)4
12: 20(70)15 35(401)5 66(506)7 82(377)2 89(222)7 94(222)16 96(301)4 99(301)3 112(41)1 115(358)8 126(499)4 137(377)0 154(19)3 158(132)13 189(464)7 190(465)17 196(465)4 209(281)20 217(301)5 228(116)4 231(281)3 234(465)4 238(281)1 314(362)2 319(506)14 330(132)4 391(116)1 396(401)1 410(344)2 448(360)0 454(329)6 473(499)7 498(344)9
13: 16(154)10 24(137)2 52(99)8 53(396)7 60(112)6 73(189)0 75(448)6 97(217)6 125(99)6 169(410)4 174(154)0 181(330)2 194(112)4 198(112)3 205(89)4 225(238)5 242(454)2 256(126)2 289(228)0 316(82)1 322(228)3 355(66)8 413(66)2 418(228)3 442(99)2 489(330)2 496(231)5 503(115)0 504(448)15
14: 2(442)2 18(169)1 23(169)4 28(75)6 29(53)1 44(181)1 58(60)3 69(225)1 90(73)6 101(75)4 120(418)9 153(73)11 207(53)8 219(503)7 226(489)0 262(181)5 278(169)6 279(53)4 339(53)5 340(24)18 345(24)1 349(75)7 356(322)1 378(181)0 384(174)1 386(198)6 389(24)1 416(97)4 429(60)6 481(256)4 491(413)4 501(181)0 505(442)2 509(355)1
15: 10(2)6 15(356)2 21(90)7 37(69)7 48(69)7 50(509)1 61(18)2 92(345)14 122(262)7 129(2)7 138(153)12 139(44)0 148(101)3 161(219)2 163(481)1 186(226)0 236(153)12 261(339)10 267(384)1 273(18)2 331(29)6 347(481)5 364(505)1 380(501)4 402(44)3 408(69)13 414(226)0 439(226)1 441(345)2 446(219)3 447(416)0 466(389)7 488(23)2
16: 3(48)5 9(414)10 45(402)4 62(186)2 71(138)13 76(50)9 87(273)3 111(380)9 159(138)9 162(37)1 172(148)8 173(267)0 182(37)6 184(186)0 192(380)8 213(447)0 220(380)4 221(267)2 229(10)3 260(488)7 287(122)0 291(273)0 304(402)5 306(380)4 317(331)4 318(163)1 326(364)3 336(347)5 342(148)15 348(273)0 352(441)2 376(364)6 392(439)4 399(163)1 400(161)8 404(273)14 412(402)1 434(10)5 458(414)1 476(447)4
17: 1(458)8 7(342)0 22(229)5 30(184)0 56(287)3 83(318)3 110(476)8 127(62)4 134(306)5 156(318)8 168(399)3 170(376)5 211(326)1 227(220)3 255(392)3 258(326)3 263(412)9 283(399)25 297(62)4 307(182)7 350(458)7 368(458)3 387(182)5 395(87)0 432(306)1 444(71)8 451(336)7 461(291)4 468(76)3 472(162)11 478(318)2 480(184)5 484(173)2 487(173)4 492(400)9
18: 13(368)3 51(487)5 63(487)2 72(487)2 100(127)0 104(1)8 108(258)8 109(387)3 123(127)8 128(297)0 164(297)4 166(395)1 171(480)0 178(487)8 230(134)4 245(134)9 249(56)0 259(484)2 269(227)3 271(297)3 303(307)6 311(258)2 320(480)5 328(478)2 333(387)5 335(461)2 354(451)7 363(395)0 370(468)2 372(22)0 390(255)4 393(395)0 398(255)2 421(255)3 428(30)3 479(484)7 482(255)2 493(395)5
19: 4(164)0 12(363)7 27(51)5 42(178)1 102(249)5 105(72)5 106(393)4 131(123)6 135(320)3 144(398)5 146(100)2 155(363)14 180(128)12 183(328)4 195(178)0 199(164)4 214(354)3 218(51)7 248(482)9 251(100)4 257(333)7 272(372)8 274(393)1 288(128)9 293(171)3 302(335)1 305(51)0 327(269)3 359(51)1 365(63)1 385(128)4 405(271)9 409(269)4 419(363)10 437(166)6 440(166)3 443(63)0 445(421)4 449(311)1 470(109)3 475(370)3
20: 8(135)8 54(305)1 80(144)2 121(419)7 150(409)4 152(257)13 176(106)8 177(302)4 185(183)0 202(183)12 216(42)2 241(405)16 252(248)5 254(248)12 268(218)13 270(305)3 290(409)6 298(302)6 308(4)14 309(359)5 353(12)1 357(106)0 367(475)6 379(385)5 382(470)8 383(144)6 388(106)0 424(288)2 427(385)2 435(105)10 436(248)5 463(155)4 467(272)4 471(102)0 486(257)8 494(470)6 500(359)5 511(293)2
21: 14(298)5 49(8)8 59(150)16 74(427)15 86(202)12 95(152)11 98(121)8 103(424)14 118(177)15 119(357)12 151(357)2 188(54)7 223(177)11 265(308)11 266(471)3 280(252)10 324(177)1 373(270)4 375(511)9 420(270)3 430(309)2 459(357)4 474(268)9
22: 114(151)2 124(459)2 140(188)4 337(223)10 346(151)3 431(280)8 452(375)4
23: 25(124)12 93(124)4 157(140)3 253(431)15 417(452)2
24: 179(417)11 233(25)7
25: 235(179)4 462(179)3
26: 147(235)7 485(235)4
weight: 2348
