0: 54
1: 52(54)62
2: 8(52)58
3: 7(8)35 67(8)4 99(8)30
4: 42(99)2 47(7)60 62(7)5 71(67)27 95(7)14 126(7)14
5: 1(95)10 11(42)5 13(95)24 50(126)21 112(126)36 115(42)12 122(62)22 127(62)28
6: 16(122)10 88(122)33
7: 30(16)17 39(88)23 43(16)16
8: 41(43)21 98(43)30 104(30)6 109(43)21
9: 70(109)25 89(41)13 102(104)14 121(109)36
10: 14(102)15 19(121)17 21(102)12 58(102)31 63(102)9 75(121)30 84(89)12 96(70)3 125(102)0
11: 4(84)15 18(96)22 20(63)24 26(14)5 29(21)11 36(14)6 40(58)2 74(21)30 85(21)40 111(96)30
12: 3(4)26 10(26)2 45(4)21 46(29)9 61(29)1 66(26)30 79(4)18 80(29)24 92(29)4 100(26)51 103(29)19 108(26)25 110(20)21 113(29)10
13: 5(92)7 22(45)13 23(79)8 31(3)43 32(3)30 59(113)9 76(110)16 82(10)38 86(45)24 93(66)9 101(3)5 106(103)9 107(66)47 117(10)6
14: 12(101)37 15(59)12 17(23)27 34(5)15 35(76)39 37(23)17 44(32)1 48(76)21 56(106)30 64(117)16 73(86)23 97(117)11 105(22)14 116(31)55 118(106)67
15: 27(17)56 33(97)31 55(64)32 57(48)25 60(64)9 65(12)22 72(97)15 91(105)40 119(48)6 124(64)45
16: 2(55)22 6(91)0 28(91)62 38(65)75 49(72)15 51(124)0 53(119)25 77(65)26 83(60)30 87(119)45 90(72)22 114(91)17 120(91)31
17: 0(87)47 9(87)6 68(83)17 69(53)65 78(114)30 94(120)17
18: 24(68)8 81(68)8 123(9)47
19: 25(24)113
weight: 2967
