0: 123
1: 126(123)5 150(123)0 227(123)3
2: 11(150)1 158(227)4 221(227)4 255(227)1
3: 7(255)3 13(255)7 15(158)5 89(11)1 93(221)5 198(158)3 225(158)4
4: 33(7)2 51(15)3 77(225)1 99(7)1 154(89)3 164(89)3 194(93)8 235(89)3 236(198)3
5: 2(164)1 57(77)2 67(154)13 85(164)3 115(51)7 142(99)5 195(33)10 197(236)0 226(164)3 230(99)0 239(235)12 242(154)3 245(164)4
6: 29(230)5 37(226)0 41(85)3 43(226)1 74(242)9 76(226)2 81(57)8 108(142)2 145(197)2 156(230)5 161(85)4 163(242)3 183(230)2 188(142)12 246(226)5 247(226)4
7: 45(37)0 47(41)18 54(37)0 61(81)3 68(74)7 90(37)4 98(183)6 101(145)5 112(37)2 114(81)10 135(37)4 139(247)0 147(163)1 151(76)1 155(43)4 175(76)1 180(246)6 190(81)18 212(183)7 215(183)0 222(76)4 233(74)10 254(163)6
8: 5(90)14 8(151)2 10(114)5 24(175)8 42(215)5 50(135)1 59(147)1 78(222)6 83(135)5 94(175)4 100(155)0 104(135)4 106(175)7 130(114)6 136(112)1 143(175)21 148(101)7 152(98)4 159(151)4 173(114)0 192(54)6 206(155)3 214(175)6 229(135)3 243(101)1 244(68)0
9: 1(159)2 16(100)6 21(206)7 22(78)17 23(136)4 28(152)11 30(8)7 39(229)4 49(106)7 72(24)6 82(229)7 86(229)7 103(100)0 110(104)1 122(8)2 128(50)17 131(59)6 138(42)1 140(106)5 162(229)6 170(94)5 181(50)3 182(152)0 205(104)8 211(50)8 219(206)4
10: 6(219)4 18(170)4 32(49)4 35(49)9 38(122)1 58(21)5 66(21)0 73(140)6 91(170)2 105(181)4 107(122)13 116(162)11 120(205)7 124(181)6 146(182)8 165(138)5 167(21)2 171(122)1 184(1)2 200(140)6 202(182)5 218(122)0 228(181)2 234(211)8 238(182)5 248(103)9 251(219)14
11: 9(218)6 25(228)0 46(73)3 48(238)3 56(58)9 62(238)7 64(120)11 69(167)1 80(66)4 95(124)11 102(238)4 109(91)2 111(124)3 125(32)2 133(66)10 134(218)2 137(234)19 141(124)3 144(167)4 168(184)5 174(105)9 176(120)5 179(234)7 187(146)4 196(18)0 201(105)25 210(105)6 213(171)4 216(184)8 217(234)8 220(171)17 241(73)15 252(218)8
12: 4(9)0 19(56)1 27(196)10 31(134)9 55(134)4 65(217)2 71(196)3 84(25)3 96(25)2 97(134)5 119(168)14 157(69)8 172(25)9 178(9)4 224(125)9 232(174)2 240(80)4 249(134)0 253(144)10
13: 3(178)11 14(178)1 52(172)0 75(249)1 79(249)3 87(172)9 117(4)4 118(84)0 127(178)8 129(4)0 153(4)0 189(27)16 203(71)6 207(172)2 208(84)4
14: 36(153)8 40(87)11 53(127)2 149(203)1 166(79)3 169(127)8 186(79)2 191(153)4 199(189)3
15: 17(166)19 63(149)2 121(40)1 185(186)1 193(53)4 204(186)13 209(166)1 237(166)2 250(191)0
16: 20(63)6 88(250)3
17: 60(88)3 177(20)8 231(20)8
18: 26(177)10 34(177)20 44(60)11 70(231)5 113(177)9
19: 0(26)12 132(113)3 160(26)9
20: 92(132)6
21: 12(92)4
22: 223(12)3
weight: 1332
